node.exe : npm error Missing script: "build"
Au caractère C:\Program Files\nodejs\npm.ps1:29 : 3
+   & $NODE_EXE $NPM_CLI_JS $args
+   ~~~~~~~~~~~~~~~~~~~~~~~~~~~~~
    + CategoryInfo          : NotSpecified: (npm error Missing script: "build":String) [],  
   RemoteException
    + FullyQualifiedErrorId : NativeCommandError
 
npm error
npm error To see a list of scripts, run:
npm error   npm run
npm error A complete log of this run can be found in: 
C:\Users\Youcef\AppData\Local\npm-cache\_logs\2025-12-25T20_09_43_553Z-debug-0.log
